communitheme
cheat
discord
google-play-music-desktop-player
gnome-system-monitor
tldr

